c7e00000 T _start
c7e00020 t _undefined_instruction
c7e00024 t _software_interrupt
c7e00028 t _prefetch_abort
c7e0002c t _data_abort
c7e00030 t _not_used
c7e00034 t _irq
c7e00038 t _fiq
c7e0003c t _pad
c7e00040 T _end_vect
c7e00040 t _TEXT_BASE
c7e00044 t _TEXT_PHY_BASE
c7e00048 T _armboot_start
c7e0004c T _bss_start
c7e00050 T _bss_end
c7e00054 t reset
c7e00064 t cpu_init_crit
c7e000b8 t after_copy
c7e000b8 t enable_mmu
c7e000d8 t mmu_on
c7e000f4 t skip_hw_init
c7e000f4 t stack_setup
c7e000f8 t clear_bss
c7e00104 t clbss_l
c7e00118 t _start_armboot
c7e0011c t _mmu_table_base
c7e00120 T copy_from_nand
c7e0016c t copy_failed
c7e00174 t compare_failed
c7e0017c T theLastJump
c7e00198 t phy_last_jump
c7e001c0 t undefined_instruction
c7e00220 t software_interrupt
c7e00280 t prefetch_abort
c7e002e0 t data_abort
c7e00340 t not_used
c7e003a0 t irq
c7e00400 t fiq
c7e00460 T arm1136_cache_flush
c7e00480 T mem_ctrl_asm_init
c7e0057c t check_dmc1_ready
c7e00598 T cleanDCache
c7e005a4 T cleanFlushDCache
c7e005b0 T cleanFlushCache
c7e005dc t nandll_read_page
c7e006a0 T copy_uboot_to_ram
c7e00898 T beep
c7e008c4 T movi_set_capacity
c7e008c8 T movi_set_ofs
c7e0091c T movi_init
c7e00950 T movi_write_env
c7e00964 T movi_read_env
c7e00978 T movi_bl2_copy
c7e009b8 T __div0
c7e009bc T __aeabi_ldiv0
c7e009c0 T raise
c7e009c4 t _TEXT_BASE
c7e009c8 T lowlevel_init
c7e00aa8 t wakeup_reset
c7e00ad4 t system_clock_init
c7e00b08 t check_syncack
c7e00ba8 t uart_asm_init
c7e00bf8 t nand_asm_init
c7e00c7c T enable_interrupts
c7e00c80 T disable_interrupts
c7e00c88 T bad_mode
c7e00ca4 T show_regs
c7e00de4 T do_undefined_instruction
c7e00e08 T do_software_interrupt
c7e00e2c T do_prefetch_abort
c7e00e50 T do_data_abort
c7e00e74 T do_not_used
c7e00e98 T do_fiq
c7e00ebc T do_irq
c7e00ee0 T interrupt_init
c7e00f5c T set_timer
c7e00f6c T reset_timer_masked
c7e00f98 T reset_timer
c7e00f9c T get_timer_masked
c7e00fec T get_timer
c7e01000 T udelay
c7e01070 T udelay_masked
c7e010e4 T get_ticks
c7e010f4 T get_tbclk
c7e0110c t write_p15_c1
c7e01118 t cp_delay
c7e01144 T cpu_init
c7e0114c T cleanup_before_linux
c7e01178 T reset_cpu
c7e011b0 T do_reset
c7e011c8 T icache_enable
c7e011e0 T icache_disable
c7e011f8 T icache_status
c7e0120c T dcache_enable
c7e01224 T dcache_disable
c7e0123c T dcache_status
c7e01250 T branch_enable
c7e01268 T branch_disable
c7e01280 T branch_status
c7e01294 t wait_for_data_done
c7e012b0 t ClearCommandCompleteStatus
c7e012d0 t ClearTransferCompleteStatus
c7e012f4 t ClearDMAStatus
c7e01318 t card_irq_enable
c7e0133c t set_transfer_mode_register
c7e01374 t hsmmc_clock_onoff
c7e013bc t set_cmd_register
c7e01414 t set_hostctl_speed
c7e01434 t wait_for_cmd_done
c7e01484 t check_dma_int
c7e0151c t set_clock
c7e0159c t clock_config.clone.1
c7e01604 t issue_command.clone.2
c7e016e8 t check_card_status
c7e01720 T mmc_get_dev
c7e0172c T hsmmc_reset
c7e01740 T hsmmc_set_gpio
c7e01774 T hsmmc_init
c7e01d3c T movi_write
c7e01e98 T movi_read
c7e01fe0 t mmc_bread
c7e02018 T test_hsmmc
c7e02598 T serial_setbrg
c7e0259c T serial_init
c7e025a4 T serial_getc
c7e025c4 T serial_putc
c7e025f0 T serial_tstc
c7e02604 T serial_puts
c7e02624 t get_PLLCLK
c7e0268c T get_ARMCLK
c7e026b4 T get_FCLK
c7e026bc T get_HCLK
c7e02710 T get_PCLK
c7e02764 T get_UCLK
c7e0276c T print_cpuinfo
c7e02874 t display_dram_config
c7e028a4 t display_banner
c7e028c4 t init_baudrate
c7e02924 T sbrk
c7e0295c T led_init
c7e02984 T hang
c7e02998 T start_armboot
c7e02b78 t __fswab32
c7e02b94 t startAgainTimeout
c7e02ba8 t startAgainHandler
c7e02bac t NetCopyIP
c7e02bb4 t NetReadIP
c7e02bd0 t PingHandler
c7e02bf8 t PingTimeout
c7e02c14 T NetSetHandler
c7e02c24 T NetSetTimeout
c7e02c54 T NetStartAgain
c7e02cd4 T NetSendPacket
c7e02cd8 T NetCksum
c7e02d10 T NetCksumOk
c7e02d34 T NetEthHdrSize
c7e02d74 T NetSetEther
c7e02e18 T ArpRequest
c7e02f18 T ArpTimeoutCheck
c7e02f8c T PingSend
c7e030d4 T NetSetIP
c7e031fc T NetSendUDPPacket
c7e0333c T copy_filename
c7e03380 T ip_to_string
c7e033c4 T string_to_ip
c7e03430 T VLAN_to_string
c7e03480 T string_to_VLAN
c7e034d8 T print_IPaddr
c7e034f4 T NetReceive
c7e03a10 T getenv_IPaddr
c7e03a20 T getenv_VLAN
c7e03a30 T NetLoop
c7e03dfc t TftpSend
c7e03f6c t TftpTimeout
c7e03fc8 t TftpHandler
c7e04214 T TftpStart
c7e04408 t __fswab32
c7e04424 t NetCopyIP
c7e0442c t BootpHandler
c7e047e4 t NetWriteIP.clone.0
c7e04800 T BootpRequest
c7e049f8 t BootpTimeout
c7e04a40 t RarpHandler
c7e04a9c T RarpRequest
c7e04b94 t RarpTimeout
c7e04bdc T eth_initialize
c7e04be4 t __fswab32
c7e04c00 t NfsTimeout
c7e04c24 t basename
c7e04c64 t rpc_add_credentials
c7e04d38 t rpc_lookup_reply
c7e04dd8 t rpc_req
c7e04ed4 t rpc_lookup_req
c7e04f34 t nfs_mount_req
c7e04fc8 t nfs_umountall_req
c7e05020 t nfs_lookup_req
c7e050c8 t nfs_read_req
c7e05148 t nfs_readlink_req
c7e051a0 t NfsSend
c7e05234 t NfsHandler
c7e05734 T NfsStart
c7e05970 t move8
c7e059bc t move16
c7e05a10 t move32
c7e05a6c t GetDM9000ID
c7e05ac4 t phy_write
c7e05b2c t dmfe_init_dm9000
c7e05d00 T eth_halt
c7e05d4c T DM9000_get_enetaddr
c7e05ddc T eth_init
c7e05f68 T eth_rx
c7e06038 T eth_send
c7e060b4 T nand_init
c7e0614c t generic_ffs
c7e0619c t nand_release_device
c7e061b4 t nand_read_byte
c7e061c4 t nand_read_byte16
c7e061d8 t nand_read_word
c7e061e8 t nand_write_buf
c7e06214 t nand_read_buf
c7e0623c t nand_verify_buf
c7e0627c t nand_write_buf16
c7e062ac t nand_read_buf16
c7e062d8 t nand_verify_buf16
c7e0631c t nand_block_bad
c7e06438 t nand_check_wp
c7e06474 t nand_read_page_raw
c7e064ac t nand_read_page_swecc
c7e065b8 t nand_read_page_hwecc
c7e066e0 t nand_read_page_syndrome
c7e06808 t nand_read_oob_std
c7e06850 t nand_read_oob_syndrome
c7e06954 t nand_write_oob_std
c7e069c4 t nand_write_oob_syndrome
c7e06b78 t nand_write_page_raw
c7e06bac t nand_write_page_swecc
c7e06c58 t nand_write_page_hwecc
c7e06d18 t nand_write_page_syndrome
c7e06e0c t single_erase_cmd
c7e06e48 t multi_erase_cmd
c7e06ed4 t nand_sync
c7e06ed8 t nand_suspend
c7e06ee0 t nand_resume
c7e06f00 t nand_select_chip
c7e06f5c t nand_block_isbad
c7e06fb4 t nand_block_markbad
c7e06ff0 t nand_fill_oob
c7e070fc t nand_do_write_oob
c7e07208 t nand_do_write_ops
c7e07528 t nand_write_oob
c7e075c0 t nand_write
c7e07644 t nand_transfer_oob
c7e07750 t nand_write_page
c7e07814 t nand_default_block_markbad
c7e078c8 t nand_wait
c7e0799c T nand_wait_ready
c7e079b0 t nand_do_read_ops
c7e07d60 t nand_read_oob
c7e07f14 T nand_read
c7e07f98 t nand_command
c7e08158 t nand_command_lp
c7e083a0 T nand_erase_nand
c7e0868c t nand_erase
c7e08694 T nand_scan_ident
c7e08c3c T nand_scan_tail
c7e09120 T nand_scan
c7e09140 T nand_release
c7e09168 T nand_calculate_ecc
c7e09258 T nand_correct_data
c7e09378 t check_pattern
c7e0942c t scan_read_raw
c7e09474 t search_bbt
c7e09618 t create_bbt
c7e09968 t read_bbt
c7e09b5c t read_abs_bbt
c7e09c2c t write_bbt
c7e0a25c T nand_update_bbt
c7e0a39c t mark_bbt_region
c7e0a510 T nand_scan_bbt
c7e0a9b8 T nand_default_bbt
c7e0aa78 T nand_isbad_bbt
c7e0aacc t ExecuteCmd
c7e0aad4 t cread_add_char.clone.1
c7e0abcc T arm_USBfuse
c7e0acec T arm_sdfuse
c7e0ae38 T lcd_size_config
c7e0af70 T NAND_ARMMenu
c7e0b078 T main_loop
c7e0b19c T readline
c7e0b7ec T run_command
c7e0bbd0 T do_bdinfo
c7e0bcbc T do_go
c7e0bd3c t __fswab32
c7e0bd58 t do_imls
c7e0bd60 t zfree
c7e0bd68 t zalloc
c7e0bd78 T print_image_hdr
c7e0bf20 T gunzip
c7e0c070 T do_bootm
c7e0c6a8 t on_off
c7e0c6e8 T do_branch
c7e0c770 T do_dcache
c7e0c7f8 T do_icache
c7e0c880 t cnvrt2
c7e0c8c0 T mk_date
c7e0ca90 T do_date
c7e0cb9c T valid_elf_image
c7e0cbe8 T load_elf_image
c7e0ccf0 T do_bootvx
c7e0ce6c T do_bootelf
c7e0cf0c T do_fat_fsinfo
c7e0cf50 T do_fat_ls
c7e0cf94 T do_fat_fsload
c7e0cfd4 T get_dev
c7e0cfdc t addr_spec
c7e0d090 T do_flinfo
c7e0d0cc t abbrev_spec
c7e0d104 T flash_sect_erase
c7e0d11c T do_flerase
c7e0d268 T flash_sect_protect
c7e0d280 T do_protect
c7e0d444 t evalstr
c7e0d460 t evalexp
c7e0d4a8 T binary_test
c7e0d688 T do_itest
c7e0d734 t bin_data_init
c7e0d754 t bin_data_char
c7e0d784 t load_serial_ymodem
c7e0d8b8 t getcxmodem
c7e0d8d8 t load_serial
c7e0db18 T do_load_serial
c7e0dbf4 T send_pad
c7e0dc20 T ktrans
c7e0dc40 T chk1
c7e0dc68 T s1_sendpacket
c7e0dc8c T send_ack
c7e0dcec T send_nack
c7e0dd4c T k_data_init
c7e0dd6c T k_data_save
c7e0dd98 T k_data_restore
c7e0ddc4 T k_data_char
c7e0de14 T handle_send_packet
c7e0dfd8 T do_load_serial_bin
c7e0e438 T do_mem_base
c7e0e47c T do_mem_crc
c7e0e53c T do_mem_mtest
c7e0e664 T cmd_get_data_size
c7e0e6b4 T do_mem_loop
c7e0e7bc T do_mem_cp
c7e0e8f0 T do_mem_cmp
c7e0ea8c T do_mem_mw
c7e0eb5c t mod_mem.clone.0
c7e0ecb8 T do_mem_nm
c7e0ece0 T do_mem_mm
c7e0ed08 T do_mem_md
c7e0eee4 T do_sleep
c7e0ef74 t __fswab32
c7e0ef90 t nand_write
c7e0efb8 t str2long
c7e0eff4 T do_nandboot
c7e0f248 t arg_off_size.clone.1
c7e0f32c T do_nand
c7e10178 T do_ping
c7e10208 t netboot_common
c7e104c4 T do_nfs
c7e104d0 T do_rarpb
c7e104dc T do_tftpb
c7e104e8 T do_bootp
c7e104f4 t envmatch
c7e1056c T do_saveenv
c7e10598 T do_printenv
c7e10748 T _do_setenv
c7e10bdc T do_setenv
c7e10c18 T setenv
c7e10c48 T getenv
c7e10ccc T getenv_r
c7e10da0 T usb_get_class_desc
c7e10e4c T usb_display_class_sub
c7e10fc0 T usb_display_string
c7e10ff8 T usb_display_desc
c7e11124 T usb_display_conf_desc
c7e111d0 T usb_display_if_desc
c7e11258 T usb_display_ep_desc
c7e11314 T usb_display_config
c7e113a0 T usb_show_tree_graph
c7e115ac T usb_show_tree
c7e115e0 T do_usb
c7e117b4 T do_echo
c7e11834 T do_version
c7e11854 T do_exit
c7e11884 T do_test
c7e11cf4 T find_cmd
c7e11d88 T do_help
c7e11f48 t console_setfile
c7e11fec T serial_printf
c7e12028 T fgetc
c7e12054 T ftstc
c7e12080 T fputc
c7e120a8 T fputs
c7e120d0 T fprintf
c7e12114 T getc
c7e1212c T tstc
c7e12144 T putc
c7e12160 T puts
c7e1217c T printf
c7e121b8 T vprintf
c7e121e8 T ctrlc
c7e12234 T disable_ctrlc
c7e1224c T had_ctrlc
c7e1225c T clear_ctrlc
c7e12270 T dbg
c7e1227c T console_assign
c7e1230c T console_init_f
c7e1231c T console_init_r
c7e124ac T device_register
c7e124d0 T devices_init
c7e12590 T devices_done
c7e125ac T malloc_bin_reloc
c7e125dc T malloc_trim
c7e126ac T free
c7e128d8 T cfree
c7e128dc T malloc
c7e12e58 T calloc
c7e12f38 T memalign
c7e13048 T pvalloc
c7e13060 T valloc
c7e1306c T realloc
c7e134bc T malloc_usable_size
c7e134fc T mallopt
c7e13570 T env_get_char_memory
c7e13594 t env_get_char_init
c7e135cc T env_crc_update
c7e135f8 T env_get_addr
c7e1361c T env_relocate
c7e1369c t use_default
c7e1371c T env_get_char_spec
c7e13728 T env_init
c7e13744 T saveenv
c7e13808 T env_relocate_spec
c7e13890 t dummy
c7e13894 T get_version
c7e1389c T jumptable_init
c7e13958 T flash_protect
c7e13a50 T addr2info
c7e13a58 T flash_write
c7e13a68 T flash_perror
c7e13b48 t static_get
c7e13b64 t static_peek
c7e13b70 t file_peek
c7e13b7c t is_assignment
c7e13bd0 t file_get
c7e13d78 t syntax_err
c7e13d84 t xmalloc
c7e13da4 t free_pipe_list
c7e13e88 t xrealloc
c7e13ea8 t done_command
c7e13f30 t b_addchr
c7e13fa8 t b_addqchr
c7e13ff4 t insert_var_value
c7e1419c t set_local_var.clone.2
c7e1431c T simple_itoa
c7e14374 T new_pipe
c7e1439c t done_pipe
c7e143e8 T reserved_word
c7e14598 t done_word
c7e14714 T mapset
c7e14738 T update_ifs_map
c7e147a8 T parse_string_outer
c7e14898 t run_list_real
c7e15070 t parse_stream_outer
c7e15690 T parse_file_outer
c7e156d4 T u_boot_hush_start
c7e15754 T NewHandle
c7e157b0 T DisposeHandle
c7e157d0 T GetHandleSize
c7e157d8 T SetHandleSize
c7e15854 T ListCreate
c7e158b4 T ListSetAllocationPolicy
c7e158c8 T ListDispose
c7e158cc T ListInsertItems
c7e15a90 T ListInsertItem
c7e15a98 T ListGetItems
c7e15ad8 T ListGetPtrToItem
c7e15b08 T ListGetDataPtr
c7e15b14 T ListGetItemSize
c7e15b20 T ListNumItems
c7e15b2c t hex1_bin
c7e15b64 t hex2_bin
c7e15b98 T srec_decode
c7e15e10 T wait_ms
c7e15e34 T usb_stop
c7e15e54 T usb_disable_asynch
c7e15e6c T usb_submit_int_msg
c7e15e70 T usb_control_msg
c7e15f3c T usb_bulk_msg
c7e15fa4 T usb_maxpacket
c7e15fc8 T usb_set_maxpacket
c7e160b4 T usb_parse_config
c7e1625c T usb_clear_halt
c7e1630c T usb_get_descriptor
c7e16374 T usb_get_configuration_no
c7e16420 T usb_set_address
c7e16460 T usb_set_interface
c7e16524 T usb_set_configuration
c7e1658c T usb_set_protocol
c7e165e8 T usb_set_idle
c7e1664c T usb_get_report
c7e166bc T usb_get_class_descriptor
c7e1672c T usb_get_string
c7e167a0 t usb_string_sub
c7e168a0 T usb_string
c7e169a0 T usb_get_dev_index
c7e169d0 T usb_alloc_new_device
c7e16a58 T usb_get_hub_descriptor
c7e16ab4 T usb_clear_hub_feature
c7e16b08 T usb_clear_port_feature
c7e16b64 T usb_set_port_feature
c7e16bc0 t usb_hub_power_on
c7e16c04 T usb_get_hub_status
c7e16c54 T usb_get_port_status
c7e16cb0 T usb_hub_reset
c7e16cc4 T usb_hub_allocate
c7e16d0c T usb_hub_probe
c7e16d68 T usb_new_device
c7e16fec T usb_hub_port_connect_change
c7e17148 T usb_hub_configure
c7e17374 T usb_scan_devices
c7e173dc T usb_init
c7e17458 T CYGACC_COMM_IF_GETC_TIMEOUT
c7e174ac t xyzModem_flush
c7e174d8 t xyzModem_get_hdr
c7e17750 T CYGACC_COMM_IF_PUTC
c7e17758 T parse_num
c7e17874 T xyzModem_stream_open
c7e179b8 T xyzModem_stream_read
c7e17c08 T xyzModem_stream_close
c7e17c58 T xyzModem_stream_terminate
c7e17cec T xyzModem_error
c7e17d0c T do_usbd_dnw
c7e17e14 T do_movi
c7e181c8 T cyg_crc16
c7e18210 T crc32
c7e1831c T crc32_no_comp
c7e18420 T display_options
c7e18440 T print_size
c7e184e0 T strcpy
c7e184fc T strncpy
c7e18524 T strcat
c7e18554 T strncat
c7e185a4 T strcmp
c7e185d4 T strncmp
c7e1861c T strchr
c7e18650 T strlen
c7e1866c T strrchr
c7e186a8 T strnlen
c7e186d0 T strdup
c7e18704 T strspn
c7e18744 T strpbrk
c7e18780 T strtok
c7e187fc T strsep
c7e18830 T strswab
c7e1887c T memset
c7e18898 T bcopy
c7e188c0 T memcpy
c7e188e4 T memmove
c7e18934 T memcmp
c7e1896c T memscan
c7e18994 T strstr
c7e189f4 T memchr
c7e18a28 t number
c7e18c34 T simple_strtoul
c7e18ce0 T simple_strtol
c7e18d08 T vsprintf
c7e190cc T sprintf
c7e190f0 T panic
c7e1913c t falloc
c7e19160 t ffree
c7e19164 t inflate_trees_free
c7e191a0 t huft_build
c7e19700 t inflate_trees_fixed
c7e198e0 t inflate_blocks_reset
c7e199b0 T adler32
c7e19b28 t inflate_flush
c7e19c94 T inflateReset
c7e19cf0 T inflateEnd
c7e19d84 T inflateInit2
c7e19ed4 T inflateInit
c7e19edc T inflate
c7e1bba0 T inflateIncomp
c7e1bccc T inflateSync
c7e1bdc4 T board_init
c7e1be14 T dram_init
c7e1be34 T board_late_init
c7e1becc T checkboard
c7e1bee4 T virt_to_phy_smdk6410
c7e1bf14 t write_hword.clone.0
c7e1c014 T flash_init
c7e1c060 T flash_print_info
c7e1c170 T flash_erase
c7e1c374 T write_buff
c7e1c4c0 t ReadWriteByte
c7e1c4d8 t WaitForXfer
c7e1c520 t i2c_transfer
c7e1c7d4 T i2c_init
c7e1c8a4 T i2c_probe
c7e1c8e0 T i2c_read
c7e1c974 T i2c_write
c7e1ca00 T vga_init
c7e1ca70 t td_alloc
c7e1cab0 t urb_free_priv.clone.4
c7e1caec t td_fill.clone.0.clone.5
c7e1cb94 T sohci_submit_job
c7e1d0d8 T rh_check_port_status
c7e1d0e0 T submit_common_msg
c7e1d0e8 T submit_bulk_msg
c7e1d0f0 T submit_control_msg
c7e1d0f8 T submit_int_msg
c7e1d100 T usb_lowlevel_init
c7e1d108 T usb_lowlevel_stop
c7e1d110 t s3c_nand_hwcontrol
c7e1d184 t s3c_nand_device_ready
c7e1d1a0 t s3c_nand_wait_enc
c7e1d1b8 t s3c_nand_wait_dec
c7e1d1d0 t s3c_nand_enable_hwecc
c7e1d23c t s3c_nand_calculate_ecc
c7e1d2f0 t s3c_nand_write_oob_1bit
c7e1d3d0 t s3c_nand_read_oob_1bit
c7e1d498 t s3c_nand_write_page_1bit
c7e1d618 t s3c_nand_read_page_1bit
c7e1d7b4 t s3c_nand_read_page_4bit
c7e1d8c8 t s3c_nand_write_page_4bit
c7e1d988 t s3c_nand_correct_data
c7e1db68 t s3c_nand_scan_bbt
c7e1db6c T s3c_nand_enable_hwecc_8bit
c7e1dbbc T s3c_nand_calculate_ecc_8bit
c7e1dc68 T s3c_nand_write_page_8bit
c7e1dd18 T s3c_nand_correct_data_8bit
c7e1de8c T s3c_nand_read_page_8bit
c7e1df8c T board_nand_init
c7e1e2bc T s3c_usb_init_phy
c7e1e2f4 T s3c_usb_core_soft_reset
c7e1e310 T s3c_usb_wait_cable_insert
c7e1e35c T s3c_usb_init_core
c7e1e378 T s3c_usb_check_current_mode
c7e1e38c T s3c_usb_set_soft_disconnect
c7e1e3a0 T s3c_usb_clear_soft_disconnect
c7e1e3b4 T s3c_usb_init_device
c7e1e3dc T s3c_usbctl_init
c7e1e460 T s3c_usbc_activate
c7e1e468 T s3c_usb_stop
c7e1e470 T s3c_usb_print_pkt
c7e1e4bc T s3c_usb_verify_checksum
c7e1e554 T s3c_usb_set_inep_xfersize
c7e1e580 T s3c_usb_set_outep_xfersize
c7e1e5b0 T s3c_usb_write_ep0_fifo
c7e1e5fc T s3c_usb_write_in_fifo
c7e1e648 T s3c_usb_read_out_fifo
c7e1e690 T s3c_usb_get_desc
c7e1e7a0 T s3c_usb_clear_feature
c7e1e810 T s3c_usb_set_feature
c7e1e968 T s3c_usb_get_status
c7e1e9e0 T s3c_usb_ep0_int_hndlr
c7e1eb44 T s3c_usb_set_otherspeed_conf_desc
c7e1ec38 T s3c_usb_transfer_ep0
c7e1f564 T s3c_usb_int_bulkin
c7e1f628 T s3c_usb_upload_start
c7e1f788 T s3c_usb_download_start
c7e1f8a8 T s3c_usb_download_continue
c7e1f948 T s3c_usb_int_bulkout
c7e1f970 T s3c_usb_dma_in_done
c7e1fa10 T s3c_usb_dma_out_done
c7e1fabc T s3c_usb_set_all_outep_nak
c7e1fae4 T s3c_usb_clear_all_outep_nak
c7e1fb0c T s3c_usb_set_max_pktsize
c7e1fb48 T s3c_usb_set_endpoint
c7e1fb88 T s3c_usb_set_descriptors
c7e1fcdc T s3c_usb_check_speed
c7e1fcf4 T s3c_usb_clear_dnfile_info
c7e1fd10 T s3c_usb_clear_upfile_info
c7e1fd2c T s3c_usb_check_setconf
c7e1fd44 T s3c_usb_set_opmode
c7e1fdb0 T s3c_usb_reset
c7e1fe0c T s3c_usb_set_init
c7e1fe68 T s3c_usb_pkt_receive
c7e1fee4 T s3c_usb_transfer
c7e1ffd4 T s3c_udc_int_hndlr
c7e20070 t __fswab32
c7e2008c T do_bootm_linux
c7e20404 T flush_cache
c7e20408 T GregorianDay
c7e204f8 T to_tm
c7e20608 T mktime
c7e206a0 t SetRTC_Access
c7e206dc t bcd2bin
c7e206f0 t bin2bcd
c7e2071c T rtc_get
c7e20810 T rtc_set
c7e208b0 T rtc_reset
c7e208d8 t nand_block_bad_scrub
c7e208e0 T nand_erase_opts
c7e20c4c T nand_write_opts
c7e211ec T nand_read_opts
c7e215b8 T nand_lock
c7e2160c T nand_get_lock_status
c7e21698 T nand_unlock
c7e217a4 T __div64_32
c7e21898 T __aeabi_uidiv
c7e21898 T __udivsi3
c7e21898 t .udivsi3_skip_div0_test
c7e2198c T __aeabi_uidivmod
c7e219ac T __aeabi_idiv
c7e219ac T __divsi3
c7e219b4 t .divsi3_skip_div0_test
c7e21ad4 T __aeabi_idivmod
c7e21af4 T __aeabi_lasr
c7e21af4 T __ashrdi3
c7e21b10 T __aeabi_llsl
c7e21b10 T __ashldi3
c7e21b2c W __aeabi_idiv0
c7e21da0 r C.14.3176
c7e21e20 r C.41.4117
c7e21e30 R version_string
c7e21e6c r default_nand_name
c7e21e74 r __FUNCTION__.2355
c7e21e88 r __FUNCTION__.2835
c7e21e98 r __FUNCTION__.2603
c7e21eac r __FUNCTION__.2997
c7e21ebc r nand_ecc_precalc_table
c7e21fbc r C.35.3300
c7e220d4 r CSWTCH.53
c7e22120 r CSWTCH.55
c7e22168 r CSWTCH.57
c7e2218c r CSWTCH.59
c7e22198 r CSWTCH.52
c7e221f0 r CSWTCH.13
c7e22210 r crc16_tab
c7e22410 r crc_table
c7e22810 r border
c7e2285c r inflate_mask
c7e228a0 R config_full
c7e228ac R config_full_total
c7e228cc R config_high
c7e228d8 R config_high_total
c7e228f8 R qualifier_desc
c7e22904 R string_desc0
c7e22908 R string_desc1
c7e22920 R string_desc2
c7e2294c r C.4.2796
c7e29390 D init_sequence
c7e293c4 D NetOurVLAN
c7e293c8 D NetBcastAddr
c7e293ce D NetOurNativeVLAN
c7e293d0 d nfs_offset
c7e293d4 D nand_curr_device
c7e293d8 d nand_oob_8
c7e29528 d nand_oob_16
c7e29678 d nand_oob_64
c7e297c8 d nand_oob_128
c7e29918 D nand_flash_ids
c7e29f00 D nand_manuf_ids
c7e29f40 d largepage_flashbased
c7e29f64 d smallpage_flashbased
c7e29f88 d largepage_memorybased
c7e29fac d smallpage_memorybased
c7e29fd0 d bbt_main_descr
c7e29ff4 d bbt_mirror_descr
c7e2a018 d agand_flashbased
c7e2a03c d bbt_pattern
c7e2a040 d mirror_pattern
c7e2a044 d scan_agand_pattern
c7e2a04c d scan_ff_pattern
c7e2a050 d hist_cur
c7e2a054 D load_addr
c7e2a058 D weekdays
c7e2a074 D op_table
c7e2a0dc d do_echo
c7e2a0e0 D dp_last_length
c7e2a0e4 D stdio_names
c7e2a0f0 d av_
c7e2a4f8 d sbrk_base
c7e2a4fc d trim_threshold
c7e2a500 d mmap_threshold
c7e2a504 D default_environment
c7e2a634 D env_get_char
c7e2a638 D default_environment_size
c7e2a63c D env_name_spec
c7e2a640 d reserved_list
c7e2a6c4 D _ctype
c7e2a7c4 d fixed_left
c7e2a7c8 d cplens
c7e2a844 d cplext
c7e2a8c0 d cpdist
c7e2a938 d cpdext
c7e2a9b0 D zlib_version
c7e2a9b4 D z_errmsg
c7e2a9d4 d CH7026_REGS_VGA_800
c7e2ab34 D CH7026_REGS_VGA_640
c7e2acac D CH7026_REGS_TV
c7e2adec d s3c_nand_oob_64
c7e2af3c d s3c_nand_oob_16
c7e2b08c d s3c_nand_oob_mlc_64
c7e2b1dc d s3c_nand_oob_mlc_128_8bit
c7e2b32c d s3c_nand_oob_mlc_232_8bit
c7e2b47c D test_pkt
c7e2b4b4 d month_days
c7e2b4e4 d jffs2_oobinfo
c7e2b634 d yaffs_oobinfo
c7e2b784 d autoplace_oobinfo
c7e2b8d4 D __u_boot_cmd_bdinfo
c7e2b8d4 D __u_boot_cmd_start
c7e2b8ec D __u_boot_cmd_go
c7e2b904 D __u_boot_cmd_reset
c7e2b91c D __u_boot_cmd_bootm
c7e2b934 D __u_boot_cmd_imls
c7e2b94c D __u_boot_cmd_icache
c7e2b964 D __u_boot_cmd_dcache
c7e2b97c D __u_boot_cmd_branch
c7e2b994 D __u_boot_cmd_date
c7e2b9ac D __u_boot_cmd_bootelf
c7e2b9c4 D __u_boot_cmd_bootvx
c7e2b9dc D __u_boot_cmd_fatload
c7e2b9f4 D __u_boot_cmd_fatls
c7e2ba0c D __u_boot_cmd_fatinfo
c7e2ba24 D __u_boot_cmd_flinfo
c7e2ba3c D __u_boot_cmd_erase
c7e2ba54 D __u_boot_cmd_protect
c7e2ba6c D __u_boot_cmd_itest
c7e2ba84 D __u_boot_cmd_loads
c7e2ba9c D __u_boot_cmd_loadb
c7e2bab4 D __u_boot_cmd_loady
c7e2bacc D __u_boot_cmd_md
c7e2bae4 D __u_boot_cmd_mm
c7e2bafc D __u_boot_cmd_nm
c7e2bb14 D __u_boot_cmd_mw
c7e2bb2c D __u_boot_cmd_cp
c7e2bb44 D __u_boot_cmd_cmp
c7e2bb5c D __u_boot_cmd_crc32
c7e2bb74 D __u_boot_cmd_base
c7e2bb8c D __u_boot_cmd_loop
c7e2bba4 D __u_boot_cmd_mtest
c7e2bbbc D __u_boot_cmd_sleep
c7e2bbd4 D __u_boot_cmd_nand
c7e2bbec D __u_boot_cmd_nboot
c7e2bc04 D __u_boot_cmd_bootp
c7e2bc1c D __u_boot_cmd_tftpboot
c7e2bc34 D __u_boot_cmd_rarpboot
c7e2bc4c D __u_boot_cmd_nfs
c7e2bc64 D __u_boot_cmd_ping
c7e2bc7c D __u_boot_cmd_printenv
c7e2bc94 D __u_boot_cmd_setenv
c7e2bcac D __u_boot_cmd_saveenv
c7e2bcc4 D __u_boot_cmd_usb
c7e2bcdc D __u_boot_cmd_version
c7e2bcf4 D __u_boot_cmd_echo
c7e2bd0c D __u_boot_cmd_test
c7e2bd24 D __u_boot_cmd_exit
c7e2bd3c D __u_boot_cmd_help
c7e2bd54 D __u_boot_cmd_question_mark
c7e2bd6c D __u_boot_cmd_dnw
c7e2bd84 D __u_boot_cmd_movi
c7e2bd9c D __u_boot_cmd_end
c7e2c000 R mmu_table
c7e30000 B __bss_start
c7e30000 B movi_hc
c7e30004 B timer_load_val
c7e30008 b lastdec
c7e3000c b timestamp
c7e30010 b HS_DMA_END
c7e30014 b rca
c7e30018 b mmc_dev
c7e3007c b HCLK
c7e30080 B card_type
c7e30084 b wt_cnt_HSMMC
c7e30088 b BlockNum_HSMMC
c7e3008c b WriteBlockCnt_INT
c7e30090 b BufferBoundary_INT_Cnt
c7e30094 b CompareCnt_INT
c7e30098 b Compare_buffer_HSMMC
c7e3009c b Tx_buffer_HSMMC
c7e300a0 b COMPARE_INT_DONE
c7e300a4 b rd_cnt_HSMMC
c7e300a8 b ReadBlockCnt_INT
c7e300ac b Rx_buffer_HSMMC
c7e300b0 b mem_malloc_brk
c7e300b4 b mem_malloc_start
c7e300b8 b mem_malloc_end
c7e300bc B monitor_flash_len
c7e300c0 B NetState
c7e300c4 B NetPingIP
c7e300c8 b packetHandler
c7e300cc b timeHandler
c7e300d0 b timeStart
c7e300d4 b timeDelta
c7e300d8 B NetOurEther
c7e300e0 B NetTxPacket
c7e300e4 B NetOurIP
c7e300e8 B NetArpWaitPacketIP
c7e300ec B NetOurSubnetMask
c7e300f0 B NetOurGatewayIP
c7e300f4 B NetArpWaitReplyIP
c7e300f8 B NetArpWaitTimerStart
c7e300fc B NetArpWaitTry
c7e30100 b mac.2219
c7e30108 B NetEtherNullAddr
c7e30110 B NetArpWaitPacketMAC
c7e30114 B NetArpWaitTxPacket
c7e30118 B NetIPID
c7e3011c b PingSeqNo
c7e30120 B NetArpWaitTxPacketSize
c7e30124 B NetRxPkt
c7e30128 B NetRxPktLen
c7e3012c B NetServerIP
c7e30130 B NetServerEther
c7e30138 B PktBuf
c7e31f58 B NetRxPackets
c7e31f68 B NetArpWaitPacketBuf
c7e32588 B NetBootFileXferSize
c7e3258c B NetOurDNSIP
c7e32590 B NetOurNISDomain
c7e325b0 B NetOurHostName
c7e325d0 B NetOurRootPath
c7e32610 B NetBootFileSize
c7e32614 B BootFile
c7e32694 b TftpState
c7e32698 b tftp_filename
c7e3269c b TftpBlock
c7e326a0 b TftpServerPort
c7e326a4 b TftpOurPort
c7e326a8 b TftpTimeoutCount
c7e326ac b TftpBlockWrap
c7e326b0 b TftpBlockWrapOffset
c7e326b4 b TftpLastBlock
c7e326b8 b default_filename
c7e326c8 B BootpID
c7e326cc B BootpTry
c7e326d0 B RarpTry
c7e326d4 b rpc_id
c7e326d8 b NfsSrvMountPort
c7e326dc b NfsSrvNfsPort
c7e326e0 b NfsServerIP
c7e326e4 b NfsOurPort
c7e326e8 b fs_mounted
c7e326ec b dirfh
c7e3270c b filefh
c7e3272c b NfsState
c7e32730 b nfs_path
c7e32734 b nfs_filename
c7e32738 b nfs_len
c7e3273c b NfsDownloadState
c7e32740 b nfs_path_buff
c7e32f40 b default_filename
c7e32f80 b NfsTimeoutCount
c7e32f84 B MoveData
c7e32f88 B nand_info
c7e3303c b nand_chip
c7e33140 B console_buffer
c7e33240 b initted.1974
c7e33244 b hist_max
c7e33248 b hist_add_idx
c7e3324c B hist_num
c7e33250 B hist_lines
c7e34650 B hist_list
c7e346a0 B header
c7e346e0 b os_data_state
c7e346e4 B os_data_count
c7e346e8 b os_data_addr
c7e346ec b bin_start_address
c7e346f0 B his_pad_count
c7e346f4 B his_pad_char
c7e346f8 b a_b
c7e34710 B his_eol
c7e34714 b k_data_escape
c7e34718 B os_data_init
c7e3471c b k_data_escape_saved
c7e34720 b os_data_state_saved
c7e34724 b os_data_count_saved
c7e34728 b os_data_addr_saved
c7e3472c B os_data_char
c7e34730 B his_quote
c7e34734 B send_ptr
c7e34738 B send_parms
c7e3474c B os_data_header
c7e3476c b base_address
c7e34770 B mm_last_addr
c7e34774 B mm_last_size
c7e34778 B dp_last_addr
c7e3477c B dp_last_size
c7e34780 b ctrlc_disabled
c7e34784 b ctrlc_was_pressed
c7e34788 B devlist
c7e3478c B stdio_devices
c7e34798 b current_mallinfo
c7e347c0 b top_pad
c7e347c4 b max_sbrked_mem
c7e347c8 b max_total_mem
c7e347cc b n_mmaps_max
c7e347d0 B env_ptr
c7e347d4 b flag_repeat
c7e347d8 b do_repeat
c7e347dc b the_command.2020
c7e348dc b buf.2207
c7e34904 B last_return_code
c7e34908 b top_vars
c7e3490c b local.2004
c7e34924 b map
c7e34a24 b ifs
c7e34a28 B nesting_level
c7e34a2c b asynch_allowed
c7e34a30 B usb_started
c7e34a34 b usb_hub_index
c7e34a38 b setup_packet
c7e34a40 b usb_dev
c7e412c0 b dev_index
c7e412c4 b hub_dev
c7e413c4 b running
c7e413c8 b xyz
c7e41804 B ofsinfo
c7e4181c B ___strtok
c7e41820 b fixed_mem
c7e428b0 b fixed_lock
c7e428b4 b fixed_built
c7e428b8 b fixed_bl
c7e428bc b fixed_tl
c7e428c0 b fixed_bd
c7e428c4 b fixed_td
c7e428c8 B flash_info
c7e42900 B ptd
c7e42904 B urb_priv
c7e429d8 b gohci
c7e42aa0 B ohci_dev
c7e42c40 B gtd
c7e43d00 B ghcca
c7e43e00 B phcca
c7e43e04 B got_rhsc
c7e43e08 B devgone
c7e43f00 B boot_nand
c7e43f04 B cur_ecc_mode
c7e43f08 B nand_type
c7e43f0c B otg
c7e43f90 B speed
c7e43f94 B remode_wakeup
c7e43f98 B get_status
c7e43f9e B config_value
c7e43fa0 B get_intf
c7e43fa4 B s3c_usbd_dn_addr
c7e43fa8 B dn_filesize
c7e43fac B s3c_receive_done
c7e43fb0 B op_mode
c7e43fb4 B s3c_got_header
c7e43fb8 B DNW
c7e43fbc b params
c7e43fc0 b none_oobinfo
c7e44110 b data_buf
c7e46110 b oob_buf
c7e461f8 B _end
